[demo.bootstrapious.com/admin-premium/1-4-4/index.html]
[backblue.gif]
[fade.gif]
[index.html]
[d19m59y37dris4.cloudfront.net/admin-premium/1-4-4/vendor/bootstrap/css/bootstrap.min.css]
[d19m59y37dris4.cloudfront.net/admin-premium/1-4-4/vendor/font-awesome/css/font-awesome.min.css]
[d19m59y37dris4.cloudfront.net/admin-premium/1-4-4/css/fontastic.css]
[d19m59y37dris4.cloudfront.net/admin-premium/1-4-4/css/style.default.premium.css]
[demo.bootstrapious.com/admin-premium/1-4-4/index-2.html]
[d19m59y37dris4.cloudfront.net/admin-premium/1-4-4/img/avatar-1.jpg]
[d19m59y37dris4.cloudfront.net/admin-premium/1-4-4/img/avatar-2.jpg]
[d19m59y37dris4.cloudfront.net/admin-premium/1-4-4/img/avatar-3.jpg]
[demo.bootstrapious.com/admin-premium/1-4-4/img/flags/16/GB.png]
[demo.bootstrapious.com/admin-premium/1-4-4/img/flags/16/DE.png]
[demo.bootstrapious.com/admin-premium/1-4-4/img/flags/16/FR.png]
[demo.bootstrapious.com/admin-premium/1-4-4/pages-profile.html]
[demo.bootstrapious.com/admin-premium/1-4-4/tables.html]
[demo.bootstrapious.com/admin-premium/1-4-4/tables-datatable.html]
[demo.bootstrapious.com/admin-premium/1-4-4/charts.html]
[demo.bootstrapious.com/admin-premium/1-4-4/charts-gauge-sparkline.html]
[demo.bootstrapious.com/admin-premium/1-4-4/forms.html]
[demo.bootstrapious.com/admin-premium/1-4-4/forms-advanced.html]
[demo.bootstrapious.com/admin-premium/1-4-4/forms-autocomplete.html]
[demo.bootstrapious.com/admin-premium/1-4-4/forms-dropzone.html]
[demo.bootstrapious.com/admin-premium/1-4-4/forms-texteditor.html]
[demo.bootstrapious.com/admin-premium/1-4-4/forms-validation.html]
[demo.bootstrapious.com/admin-premium/1-4-4/components-cards.html]
[demo.bootstrapious.com/admin-premium/1-4-4/components-calendar.html]
[demo.bootstrapious.com/admin-premium/1-4-4/components-gallery.html]
[demo.bootstrapious.com/admin-premium/1-4-4/components-loading-buttons.html]
[demo.bootstrapious.com/admin-premium/1-4-4/components-map.html]
[demo.bootstrapious.com/admin-premium/1-4-4/components-notifications.html]
[demo.bootstrapious.com/admin-premium/1-4-4/components-preloader.html]
[demo.bootstrapious.com/admin-premium/1-4-4/pages-contacts.html]
[demo.bootstrapious.com/admin-premium/1-4-4/pages-pricing.html]
[d19m59y37dris4.cloudfront.net/admin-premium/1-4-4/img/project-1.jpg]
[d19m59y37dris4.cloudfront.net/admin-premium/1-4-4/img/project-2.jpg]
[d19m59y37dris4.cloudfront.net/admin-premium/1-4-4/img/project-3.jpg]
[d19m59y37dris4.cloudfront.net/admin-premium/1-4-4/img/project-4.jpg]
[d19m59y37dris4.cloudfront.net/admin-premium/1-4-4/img/avatar-4.jpg]
[d19m59y37dris4.cloudfront.net/admin-premium/1-4-4/img/avatar-5.jpg]
[d19m59y37dris4.cloudfront.net/admin-premium/1-4-4/img/template-mac.png]
[d19m59y37dris4.cloudfront.net/admin-premium/1-4-4/vendor/jquery/jquery.min.js]
[d19m59y37dris4.cloudfront.net/admin-premium/1-4-4/vendor/popper.js/umd/popper.min.js]
[d19m59y37dris4.cloudfront.net/admin-premium/1-4-4/vendor/bootstrap/js/bootstrap.min.js]
[d19m59y37dris4.cloudfront.net/admin-premium/1-4-4/vendor/jquery.cookie/jquery.cookie.js]
[d19m59y37dris4.cloudfront.net/admin-premium/1-4-4/vendor/chart.js/Chart.min.js]
[d19m59y37dris4.cloudfront.net/admin-premium/1-4-4/vendor/jquery-validation/jquery.validate.min.js]
[d19m59y37dris4.cloudfront.net/admin-premium/1-4-4/js/charts-home.js]
[d19m59y37dris4.cloudfront.net/admin-premium/1-4-4/vendor/messenger-hubspot/build/js/messenger.min.js]
[d19m59y37dris4.cloudfront.net/admin-premium/1-4-4/vendor/messenger-hubspot/build/js/messenger-theme-flat.js]
[d19m59y37dris4.cloudfront.net/admin-premium/1-4-4/js/home-premium.js]
[demo.bootstrapious.com/admin-premium/1-4-4/index.html]
[d19m59y37dris4.cloudfront.net/admin-premium/1-4-4/vendor/bootstrap/css/bootstrap.min.css]
[d19m59y37dris4.cloudfront.net/admin-premium/1-4-4/vendor/font-awesome/css/font-awesome.min.css]
[d19m59y37dris4.cloudfront.net/admin-premium/1-4-4/css/fontastic.css]
[d19m59y37dris4.cloudfront.net/admin-premium/1-4-4/js/front.js]
[d19m59y37dris4.cloudfront.net/admin-premium/1-4-4/img/multiselect-switch.png]
[d19m59y37dris4.cloudfront.net/admin-premium/1-4-4/css/style.default.premium.css]
[d19m59y37dris4.cloudfront.net/admin-premium/1-4-4/img/bg.jpg]
[d19m59y37dris4.cloudfront.net/admin-premium/1-4-4/css/custom.css]
[demo.bootstrapious.com/admin-premium/1-4-4/index-2.html]
[demo.bootstrapious.com/admin-premium/1-4-4/login.html]
[demo.bootstrapious.com/admin-premium/1-4-4/img/photos/paul-morris-116514-unsplash.jpg]
[d19m59y37dris4.cloudfront.net/admin-premium/1-4-4/img/avatar-7.jpg]
[d19m59y37dris4.cloudfront.net/admin-premium/1-4-4/img/avatar-6.jpg]
[demo.bootstrapious.com/admin-premium/1-4-4/pages-profile.html]
[demo.bootstrapious.com/admin-premium/1-4-4/tables.html]
[d19m59y37dris4.cloudfront.net/admin-premium/1-4-4/vendor/datatables.net-bs4/css/dataTables.bootstrap4.css]
[d19m59y37dris4.cloudfront.net/admin-premium/1-4-4/vendor/datatables.net-responsive-bs4/css/responsive.bootstrap4.min.css]
[d19m59y37dris4.cloudfront.net/admin-premium/1-4-4/vendor/datatables.net/js/jquery.dataTables.js]
[d19m59y37dris4.cloudfront.net/admin-premium/1-4-4/vendor/datatables.net-bs4/js/dataTables.bootstrap4.js]
[d19m59y37dris4.cloudfront.net/admin-premium/1-4-4/vendor/datatables.net-responsive/js/dataTables.responsive.min.js]
[d19m59y37dris4.cloudfront.net/admin-premium/1-4-4/vendor/datatables.net-responsive-bs4/js/responsive.bootstrap4.min.js]
[d19m59y37dris4.cloudfront.net/admin-premium/1-4-4/js/tables-datatable.js]
[demo.bootstrapious.com/admin-premium/1-4-4/tables-datatable.html]
[demo.bootstrapious.com/admin-premium/1-4-4/charts.html]
[d19m59y37dris4.cloudfront.net/admin-premium/1-4-4/js/charts-custom.js]
[d19m59y37dris4.cloudfront.net/admin-premium/1-4-4/vendor/gaugeJS/gauge.min.js]
[demo.bootstrapious.com/admin-premium/1-4-4/charts-gauge-sparkline.html]
[demo.bootstrapious.com/admin-premium/1-4-4/forms.html]
[d19m59y37dris4.cloudfront.net/admin-premium/1-4-4/js/charts-gauge-sparkline.js]
[d19m59y37dris4.cloudfront.net/admin-premium/1-4-4/vendor/jquery-sparkline/jquery.sparkline.min.js]
[d19m59y37dris4.cloudfront.net/admin-premium/1-4-4/vendor/bootstrap-select/css/bootstrap-select.min.css]
[d19m59y37dris4.cloudfront.net/admin-premium/1-4-4/vendor/bootstrap-datepicker/css/bootstrap-datepicker3.css]
[d19m59y37dris4.cloudfront.net/admin-premium/1-4-4/vendor/bootstrap-tagsinput/bootstrap-tagsinput.css]
[d19m59y37dris4.cloudfront.net/admin-premium/1-4-4/vendor/nouislider/nouislider.css]
[d19m59y37dris4.cloudfront.net/admin-premium/1-4-4/vendor/bootstrap-select/js/bootstrap-select.min.js]
[d19m59y37dris4.cloudfront.net/admin-premium/1-4-4/vendor/bootstrap-touchspin/jquery.bootstrap-touchspin.min.js]
[d19m59y37dris4.cloudfront.net/admin-premium/1-4-4/vendor/nouislider/nouislider.min.js]
[d19m59y37dris4.cloudfront.net/admin-premium/1-4-4/vendor/bootstrap-datepicker/js/bootstrap-datepicker.min.js]
[d19m59y37dris4.cloudfront.net/admin-premium/1-4-4/vendor/bootstrap-tagsinput/bootstrap-tagsinput.min.js]
[d19m59y37dris4.cloudfront.net/admin-premium/1-4-4/vendor/jasny-bootstrap/js/jasny-bootstrap.min.js]
[d19m59y37dris4.cloudfront.net/admin-premium/1-4-4/vendor/multiselect/js/jquery.multi-select.js]
[demo.bootstrapious.com/admin-premium/1-4-4/forms-advanced.html]
[d19m59y37dris4.cloudfront.net/admin-premium/1-4-4/js/forms-advanced.js]
[d19m59y37dris4.cloudfront.net/admin-premium/1-4-4/vendor/bootstrap-3-typeahead/bootstrap3-typeahead.min.js]
[d19m59y37dris4.cloudfront.net/admin-premium/1-4-4/js/forms-autocomplete.js]
[demo.bootstrapious.com/admin-premium/1-4-4/forms-autocomplete.html]
[d19m59y37dris4.cloudfront.net/admin-premium/1-4-4/vendor/dropzone/min/dropzone.min.js]
[d19m59y37dris4.cloudfront.net/admin-premium/1-4-4/js/forms-dropzone.js]
[demo.bootstrapious.com/admin-premium/1-4-4/forms-dropzone.html]
[d19m59y37dris4.cloudfront.net/admin-premium/1-4-4/vendor/summernote/summernote-bs4.css]
[d19m59y37dris4.cloudfront.net/admin-premium/1-4-4/vendor/summernote/summernote-bs4.min.js]
[d19m59y37dris4.cloudfront.net/admin-premium/1-4-4/js/forms-texteditor.js]
[demo.bootstrapious.com/admin-premium/1-4-4/forms-texteditor.html]
[d19m59y37dris4.cloudfront.net/admin-premium/1-4-4/js/forms-validation.js]
[demo.bootstrapious.com/admin-premium/1-4-4/forms-validation.html]
[d19m59y37dris4.cloudfront.net/admin-premium/1-4-4/img/mockup1.jpg]
[d19m59y37dris4.cloudfront.net/admin-premium/1-4-4/img/mockup3.jpg]
[d19m59y37dris4.cloudfront.net/admin-premium/1-4-4/img/mockup4.jpg]
[d19m59y37dris4.cloudfront.net/admin-premium/1-4-4/img/mockup5.jpg]
[d19m59y37dris4.cloudfront.net/admin-premium/1-4-4/img/mockup6.jpg]
[d19m59y37dris4.cloudfront.net/admin-premium/1-4-4/img/mockup7.jpg]
[d19m59y37dris4.cloudfront.net/admin-premium/1-4-4/img/mockup2.jpg]
[demo.bootstrapious.com/admin-premium/1-4-4/components-cards.html]
[d19m59y37dris4.cloudfront.net/admin-premium/1-4-4/vendor/fullcalendar/fullcalendar.min.css]
[d19m59y37dris4.cloudfront.net/admin-premium/1-4-4/vendor/moment/min/moment.min.js]
[d19m59y37dris4.cloudfront.net/admin-premium/1-4-4/vendor/fullcalendar/fullcalendar.min.js]
[d19m59y37dris4.cloudfront.net/admin-premium/1-4-4/vendor/fullcalendar/gcal.min.js]
[d19m59y37dris4.cloudfront.net/admin-premium/1-4-4/js/components-calendar.js]
[demo.bootstrapious.com/admin-premium/1-4-4/components-calendar.html]
[d19m59y37dris4.cloudfront.net/admin-premium/1-4-4/vendor/lightbox2/css/lightbox.min.css]
[demo.bootstrapious.com/admin-premium/1-4-4/components-gallery.html]
[d19m59y37dris4.cloudfront.net/admin-premium/1-4-4/vendor/lightbox2/js/lightbox.min.js]
[d19m59y37dris4.cloudfront.net/admin-premium/1-4-4/vendor/ladda/ladda-themeless.min.css]
[d19m59y37dris4.cloudfront.net/admin-premium/1-4-4/vendor/ladda/spin.min.js]
[d19m59y37dris4.cloudfront.net/admin-premium/1-4-4/vendor/ladda/ladda.min.js]
[d19m59y37dris4.cloudfront.net/admin-premium/1-4-4/js/components-ladda.js]
[demo.bootstrapious.com/admin-premium/1-4-4/components-loading-buttons.html]
[d19m59y37dris4.cloudfront.net/admin-premium/1-4-4/vendor/google-maps-infobox/infobox-lib.js]
[d19m59y37dris4.cloudfront.net/admin-premium/1-4-4/js/components-map.js]
[demo.bootstrapious.com/admin-premium/1-4-4/img/map-marker-default.png]
[demo.bootstrapious.com/admin-premium/1-4-4/img/map-marker-red.png]
[demo.bootstrapious.com/admin-premium/1-4-4/img/map-marker-blue.png]
[demo.bootstrapious.com/admin-premium/1-4-4/img/map-marker-pink.png]
[demo.bootstrapious.com/admin-premium/1-4-4/img/map-marker-violet.png]
[demo.bootstrapious.com/admin-premium/1-4-4/img/map-marker-sea.png]
[demo.bootstrapious.com/admin-premium/1-4-4/components-map.html]
[demo.bootstrapious.com/admin-premium/1-4-4/components-notifications.html]
[d19m59y37dris4.cloudfront.net/admin-premium/1-4-4/js/components-notifications.js]
[d19m59y37dris4.cloudfront.net/admin-premium/1-4-4/js/components-preloader.js]
[demo.bootstrapious.com/admin-premium/1-4-4/components-preloader.html]
[d19m59y37dris4.cloudfront.net/admin-premium/1-4-4/img/avatar-0.jpg]
[d19m59y37dris4.cloudfront.net/admin-premium/1-4-4/img/avatar-8.jpg]
[d19m59y37dris4.cloudfront.net/admin-premium/1-4-4/img/avatar-9.jpg]
[d19m59y37dris4.cloudfront.net/admin-premium/1-4-4/img/avatar-10.jpg]
[d19m59y37dris4.cloudfront.net/admin-premium/1-4-4/img/avatar-11.jpg]
[demo.bootstrapious.com/admin-premium/1-4-4/pages-contacts.html]
[demo.bootstrapious.com/admin-premium/1-4-4/pages-pricing.html]
[demo.bootstrapious.com/admin-premium/1-4-4/register.html]
[d19m59y37dris4.cloudfront.net/admin-premium/1-4-4/vendor/datatables.net-bs4/css/dataTables.bootstrap4.css]
[d19m59y37dris4.cloudfront.net/admin-premium/1-4-4/vendor/datatables.net-responsive-bs4/css/responsive.bootstrap4.min.css]
[d19m59y37dris4.cloudfront.net/admin-premium/1-4-4/vendor/bootstrap-select/css/bootstrap-select.min.css]
[d19m59y37dris4.cloudfront.net/admin-premium/1-4-4/vendor/bootstrap-touchspin/jquery.bootstrap-touchspin.min.css]
[d19m59y37dris4.cloudfront.net/admin-premium/1-4-4/vendor/bootstrap-datepicker/css/bootstrap-datepicker3.css]
[d19m59y37dris4.cloudfront.net/admin-premium/1-4-4/vendor/bootstrap-tagsinput/bootstrap-tagsinput.css]
[d19m59y37dris4.cloudfront.net/admin-premium/1-4-4/vendor/nouislider/nouislider.css]
[d19m59y37dris4.cloudfront.net/admin-premium/1-4-4/vendor/summernote/font/summernote9d3d.eot]
[d19m59y37dris4.cloudfront.net/admin-premium/1-4-4/vendor/summernote/font/summernoted41d.eot]
[d19m59y37dris4.cloudfront.net/admin-premium/1-4-4/vendor/summernote/font/summernote9d3d.woff]
[d19m59y37dris4.cloudfront.net/admin-premium/1-4-4/vendor/summernote/font/summernote9d3d.ttf]
[d19m59y37dris4.cloudfront.net/admin-premium/1-4-4/vendor/summernote/summernote-bs4.css]
[d19m59y37dris4.cloudfront.net/admin-premium/1-4-4/vendor/fullcalendar/fullcalendar.min.css]
[d19m59y37dris4.cloudfront.net/admin-premium/1-4-4/vendor/lightbox2/images/loading.gif]
[d19m59y37dris4.cloudfront.net/admin-premium/1-4-4/vendor/lightbox2/css/lightbox.min.css]
[d19m59y37dris4.cloudfront.net/admin-premium/1-4-4/vendor/ladda/ladda-themeless.min.css]
